Attempting to fit to dG# = 12.0 and dG0 = -5.0
(stepsize = 10.0, threshold = 10.0, max iterations = 10)

Will use these directories for mapping (use --dirs to change this): testrep1, testrep2
# Iteration #1
#        Hij      Alpha        dG#        dG0
#       0.00       0.00      57.07     -13.21
#       0.00      10.00      60.72      -3.21
#      10.00       0.00      48.00     -13.10
#      52.79       7.63      23.50      -3.96
# Iteration #2
#        Hij      Alpha        dG#        dG0
#      52.79      17.63      27.42       4.58
#      62.79       7.63      19.24      -3.60
#      77.69       5.36      13.45      -4.70


Well done! Use this on your non-reference simulations:
q_mapper.py 77.6936252832 5.36155805783 --bins 50 --skip 1 --min 1 --temp 298.0 


Writting out the logfile...
Wrote 'asd'...
