Attempting to fit to dG# = 12.0 and dG0 = -5.0
(stepsize = 1.0, threshold = 0.001, max iterations = 5)

Will use these directories for mapping (use --dirs to change this): testrep1, testrep2
# Iteration #1
#        Hij      Alpha        dG#        dG0
#    -100.00       0.00       6.82      -6.81
#    -100.00       1.00       7.12      -6.21
#     -99.00       0.00       7.00      -6.88
#     -79.65       5.14      12.84      -4.75
# Iteration #2
#        Hij      Alpha        dG#        dG0
#     -79.65       6.14      13.18      -4.04
#     -78.65       5.14      13.11      -4.80
#     -82.03       4.61      12.04      -4.97
# Iteration #3
#        Hij      Alpha        dG#        dG0
#     -82.03       5.61      12.37      -4.28
#     -81.03       4.61      12.29      -5.04
#     -82.11       4.57      12.01      -5.00
# Iteration #4
#        Hij      Alpha        dG#        dG0
#     -82.11       5.57      12.33      -4.30
#     -81.11       4.57      12.25      -5.06
#     -82.13       4.57      11.99      -5.00
# Iteration #5
#        Hij      Alpha        dG#        dG0
#     -82.13       5.57      12.33      -4.30
#     -81.13       4.57      12.25      -5.06
#     -82.11       4.57      12.01      -5.00
Did not converge. Try changing the step (--step), increasing number of iterations (--iter) or raising the threshold (--threshold)

