Attempting to fit to dG# = 12.0 and dG0 = -5.0
(stepsize = 10.0, threshold = 0.001, max iterations = 10)

Will use these directories for mapping (use --dirs to change this): testrep1, testrep2
# Iteration #1
#        Hij      Alpha        dG#        dG0
#       0.00       0.00      57.07     -13.21
#       0.00      10.00      60.72      -3.21
#      10.00       0.00      48.00     -13.10
#      52.79       7.63      23.50      -3.96
# Iteration #2
#        Hij      Alpha        dG#        dG0
#      52.79      17.63      27.42       4.58
#      62.79       7.63      19.24      -3.60
#      77.69       5.36      13.45      -4.70
# Iteration #3
#        Hij      Alpha        dG#        dG0
#      77.69      15.36      16.80       2.53
#      87.69       5.36      10.90      -4.16
#      82.38       4.60      11.95      -4.96
# Iteration #4
#        Hij      Alpha        dG#        dG0
#      82.38      14.60      15.19       2.00
#      92.38       4.60       9.64      -4.39
#      82.10       4.57      12.01      -5.00
# Iteration #5
#        Hij      Alpha        dG#        dG0
#      82.10      14.57      15.26       1.98
#      92.10       4.57       9.70      -4.43
#      82.12       4.57      12.00      -5.00


Well done! Use this on your non-reference simulations:
q_mapper.py 82.1201056503 4.56708284345 --bins 50 --skip 1 --min 1 --temp 298.0 


Writting out the logfile...
Wrote 'qautomapper.log'...
