
Build and version information

Build number 6.0.8
Build date   20170817
Built:       
      by     acmnpv
      on     acmnpvdell
      git id 7f54fcf7fd0dc0c14e640a3fa3ce03384d771623
      with   GNU Fortran Debian 6.4.0-1 6.4.0 20170704
qfep version 6.0.8 , git id=7f54fcf7fd0dc0c14e640a3fa3ce03384d771623 initialising
Current date 2018- 9-27 and time 17:50:50

Welcome in qfep modification date 20170817

 Q6, Copyright © 2017 Johan Åqvist, John Marelius, Shina Caroline Lynn Kamerlin and Paul Bauer
 Q6 comes with ABSOLUTELY NO WARRANTY.  This is free software, and you are welcome
 to redistribute it under certain conditions. For details, add the --help flag.
--> Number of energy files: # Number of files                 =    21
--> No. of states, no. of predefined off-diag elements: # Number of states                 =     2
# Number of off-diagonal elements =     0
--> Give kT & no, of pts to skip   & calculation mode: # kT                              = 0.592
# Number of data points to skip   =     1
# Only QQ interactions will be considered   =   0
--> Give number of gap-bins: # Number of gap-bins              =    20
--> Give minimum # pts/bin: # Minimum number of points per bin=     1
--> Give alpha for state  2:                                                    # Alpha for state  2              = 10.00
--> Number of off-diagonal elements:# Number of off-diagonal elements =     1
#   i   j   A(i,j)  mu(i,j) eta(i,j) rxy0(i,j)
--> i, j, A_ij, mu_ij, eta_ij, r_xy0: #   1   2    100.00      0.00      0.00      0.00
--> linear combination of states defining reaction coord: # Linear combination co-efficients=  1.00 -1.00


# Part 0: Average energies for all states in all files
# file             state   pts   lambda    EQtot   EQbond  EQang   EQtor   EQimp    EQel   EQvdW  Eel_qq  EvdW_qq Eel_qp  EvdW_qp Eel_qw EvdW_qw Eqrstr
--> Name of file number   1:                                                     
# Energy files from Qdyn, version: 6.0.9 , git id=0670be695109be30d338c65b603bf6a779f78d51                         
fep_000_1.000.en        1         8  1.000000   -74.78   -65.90     0.24     0.14     0.00    -9.38    -0.21    -7.14    -0.01    -2.24    -0.20     0.00     0.00     0.34
fep_000_1.000.en        2         8  0.000000    98.08    -6.22    82.67     0.52     0.00    -8.01    29.12    -7.14    27.52    -0.86     1.61     0.00     0.00     0.00
--> Name of file number   2:                                                     
# Energy files from Qdyn, version: 6.0.9 , git id=0670be695109be30d338c65b603bf6a779f78d51                         
fep_001_0.950.en        1         8  0.950000   -74.42   -65.69     0.50     0.10     0.00    -9.30    -0.11    -7.42     0.07    -1.88    -0.18     0.00     0.00     0.08
fep_001_0.950.en        2         8  0.050000    88.15    -8.88    76.84     1.03     0.00    -7.15    26.30    -6.52    24.32    -0.64     1.98     0.00     0.00     0.00
--> Name of file number   3:                                                     
# Energy files from Qdyn, version: 6.0.9 , git id=0670be695109be30d338c65b603bf6a779f78d51                         
fep_002_0.900.en        1         8  0.900000   -73.86   -65.36     0.34     0.12     0.00    -8.94    -0.23    -6.93    -0.17    -2.01    -0.06     0.00     0.00     0.21
fep_002_0.900.en        2         8  0.100000    84.43    -6.87    73.34     0.93     0.00    -7.99    25.02    -7.18    22.78    -0.81     2.24     0.00     0.00     0.00
--> Name of file number   4:                                                     
# Energy files from Qdyn, version: 6.0.9 , git id=0670be695109be30d338c65b603bf6a779f78d51                         
fep_003_0.850.en        1         8  0.850000   -73.54   -64.98     0.46     0.23     0.00    -9.17    -0.09    -7.30     0.21    -1.87    -0.30     0.00     0.00     0.02
fep_003_0.850.en        2         8  0.150000    73.28   -10.74    67.42     0.88     0.00    -7.44    23.16    -6.72    22.09    -0.72     1.06     0.00     0.00     0.00
--> Name of file number   5:                                                     
# Energy files from Qdyn, version: 6.0.9 , git id=0670be695109be30d338c65b603bf6a779f78d51                         
fep_004_0.800.en        1         8  0.800000   -71.29   -63.88     1.04     0.17     0.00    -9.15     0.52    -7.37     0.84    -1.78    -0.32     0.00     0.00     0.01
fep_004_0.800.en        2         8  0.200000    63.58   -12.95    61.05     0.97     0.00    -7.75    22.26    -6.95    21.36    -0.80     0.90     0.00     0.00     0.00
--> Name of file number   6:                                                     
# Energy files from Qdyn, version: 6.0.9 , git id=0670be695109be30d338c65b603bf6a779f78d51                         
fep_005_0.750.en        1         8  0.750000   -70.28   -62.84     1.19     0.06     0.00    -8.79     0.06    -7.01     0.36    -1.78    -0.30     0.00     0.00     0.04
fep_005_0.750.en        2         8  0.250000    60.04   -11.68    58.73     1.13     0.00    -8.00    19.86    -7.28    18.49    -0.72     1.37     0.00     0.00     0.00
--> Name of file number   7:                                                     
# Energy files from Qdyn, version: 6.0.9 , git id=0670be695109be30d338c65b603bf6a779f78d51                         
fep_006_0.700.en        1         8  0.700000   -67.66   -61.42     1.46     0.16     0.00    -9.23     1.37    -7.50     1.69    -1.73    -0.32     0.00     0.00     0.00
fep_006_0.700.en        2         8  0.300000    48.21   -18.20    54.98     1.02     0.00    -7.52    17.92    -6.66    16.89    -0.87     1.03     0.00     0.00     0.00
--> Name of file number   8:                                                     
# Energy files from Qdyn, version: 6.0.9 , git id=0670be695109be30d338c65b603bf6a779f78d51                         
fep_007_0.650.en        1         8  0.650000   -63.05   -59.53     2.62     0.32     0.00    -9.07     2.62    -7.47     2.94    -1.60    -0.33     0.00     0.00     0.00
fep_007_0.650.en        2         8  0.350000    36.14   -22.17    48.43     0.84     0.00    -7.74    16.78    -6.82    16.39    -0.92     0.38     0.00     0.00     0.00
--> Name of file number   9:                                                     
# Energy files from Qdyn, version: 6.0.9 , git id=0670be695109be30d338c65b603bf6a779f78d51                         
fep_008_0.600.en        1         8  0.600000   -55.32   -55.45     4.93     0.20     0.00    -8.42     3.42    -6.86     3.84    -1.56    -0.41     0.00     0.00     0.00
fep_008_0.600.en        2         8  0.400000    22.14   -26.15    40.44     0.99     0.00    -8.14    15.02    -7.25    14.46    -0.89     0.56     0.00     0.00     0.00
--> Name of file number  10:                                                     
# Energy files from Qdyn, version: 6.0.9 , git id=0670be695109be30d338c65b603bf6a779f78d51                         
fep_009_0.550.en        1         8  0.550000   -39.77   -49.16     9.56     0.46     0.00    -7.77     7.14    -6.22     7.24    -1.55    -0.10     0.00     0.00     0.00
fep_009_0.550.en        2         8  0.450000     1.15   -33.96    30.84     0.71     0.00    -8.78    12.33    -7.65    11.91    -1.13     0.42     0.00     0.00     0.00
--> Name of file number  11:                                                     
# Energy files from Qdyn, version: 6.0.9 , git id=0670be695109be30d338c65b603bf6a779f78d51                         
fep_010_0.500.en        1         8  0.500000   -15.35   -39.71    18.72     0.77     0.00    -6.12    10.98    -4.72     9.91    -1.40     1.07     0.00     0.00     0.00
fep_010_0.500.en        2         8  0.500000   -25.96   -44.07    18.36     0.40     0.00    -9.50     8.86    -8.23     8.83    -1.27     0.03     0.00     0.00     0.00
--> Name of file number  12:                                                     
# Energy files from Qdyn, version: 6.0.9 , git id=0670be695109be30d338c65b603bf6a779f78d51                         
fep_011_0.450.en        1         8  0.450000     7.40   -31.43    29.42     0.66     0.00    -4.69    13.43    -3.27    12.68    -1.42     0.75     0.00     0.00     0.00
fep_011_0.450.en        2         8  0.550000   -45.16   -52.21    10.05     0.51     0.00   -10.20     6.68    -8.83     6.52    -1.36     0.17     0.00     0.00     0.00
--> Name of file number  13:                                                     
# Energy files from Qdyn, version: 6.0.9 , git id=0670be695109be30d338c65b603bf6a779f78d51                         
fep_012_0.400.en        1         8  0.400000    31.15   -23.12    41.77     0.83     0.00    -2.90    14.58    -1.65    14.04    -1.25     0.53     0.00     0.00     0.00
fep_012_0.400.en        2         8  0.600000   -62.05   -60.85     4.39     0.33     0.00   -10.59     4.68    -9.22     4.85    -1.37    -0.17     0.00     0.00     0.00
--> Name of file number  14:                                                     
# Energy files from Qdyn, version: 6.0.9 , git id=0670be695109be30d338c65b603bf6a779f78d51                         
fep_013_0.350.en        1         8  0.350000    55.78   -15.28    53.71     1.01     0.00    -1.72    18.05    -0.51    17.13    -1.21     0.92     0.00     0.00     0.00
fep_013_0.350.en        2         8  0.650000   -74.51   -67.62     1.56     0.14     0.00   -10.51     1.91    -8.96     2.13    -1.55    -0.22     0.00     0.00     0.00
--> Name of file number  15:                                                     
# Energy files from Qdyn, version: 6.0.9 , git id=0670be695109be30d338c65b603bf6a779f78d51                         
fep_014_0.300.en        1         8  0.300000    62.32   -15.09    54.67     0.94     0.00    -1.03    22.83     0.05    21.57    -1.07     1.26     0.00     0.00     0.00
fep_014_0.300.en        2         8  0.700000   -76.32   -69.83     1.96     0.20     0.00   -10.30     1.65    -8.77     1.81    -1.53    -0.15     0.00     0.00     0.00
--> Name of file number  16:                                                     
# Energy files from Qdyn, version: 6.0.9 , git id=0670be695109be30d338c65b603bf6a779f78d51                         
fep_015_0.250.en        1         8  0.250000    73.57   -11.34    59.35     0.93     0.00    -0.85    25.48     0.18    24.16    -1.03     1.31     0.00     0.00     0.00
fep_015_0.250.en        2         8  0.750000   -80.65   -72.22     0.89     0.24     0.00   -10.15     0.58    -8.52     0.75    -1.63    -0.17     0.00     0.00     0.01
--> Name of file number  17:                                                     
# Energy files from Qdyn, version: 6.0.9 , git id=0670be695109be30d338c65b603bf6a779f78d51                         
fep_016_0.200.en        1         8  0.200000    82.19   -10.35    65.30     1.06     0.00    -0.01    26.18     1.08    25.04    -1.08     1.14     0.00     0.00     0.00
fep_016_0.200.en        2         8  0.800000   -83.16   -74.24     0.59     0.10     0.00   -10.14     0.51    -8.55     0.70    -1.59    -0.19     0.00     0.00     0.02
--> Name of file number  18:                                                     
# Energy files from Qdyn, version: 6.0.9 , git id=0670be695109be30d338c65b603bf6a779f78d51                         
fep_017_0.150.en        1         8  0.150000    91.55    -9.47    66.57     0.95     0.00     0.47    33.04     1.36    31.45    -0.89     1.59     0.00     0.00     0.00
fep_017_0.150.en        2         8  0.850000   -85.03   -75.85     0.34     0.17     0.00   -10.00     0.29    -8.37     0.43    -1.63    -0.15     0.00     0.00     0.03
--> Name of file number  19:                                                     
# Energy files from Qdyn, version: 6.0.9 , git id=0670be695109be30d338c65b603bf6a779f78d51                         
fep_018_0.100.en        1         8  0.100000   100.45    -7.99    73.56     1.02     0.00     0.95    32.91     2.00    30.78    -1.05     2.14     0.00     0.00     0.00
fep_018_0.100.en        2         8  0.900000   -86.08   -76.75     0.36     0.08     0.00   -10.06     0.22    -8.38     0.26    -1.67    -0.04     0.00     0.00     0.07
--> Name of file number  20:                                                     
# Energy files from Qdyn, version: 6.0.9 , git id=0670be695109be30d338c65b603bf6a779f78d51                         
fep_019_0.050.en        1         8  0.050000   111.90    -6.29    76.50     0.81     0.00     0.78    40.10     1.77    38.25    -1.00     1.85     0.00     0.00     0.00
fep_019_0.050.en        2         8  0.950000   -86.58   -77.56     0.26     0.12     0.00    -9.86     0.19    -8.01     0.18    -1.85     0.01     0.00     0.00     0.25
--> Name of file number  21:                                                     
# Energy files from Qdyn, version: 6.0.9 , git id=0670be695109be30d338c65b603bf6a779f78d51                         
fep_020_0.000.en        1         8  0.000000   129.30    -7.19    86.66     0.69     0.00     1.85    47.30     2.60    44.58    -0.75     2.72     0.00     0.00     0.00
fep_020_0.000.en        2         8  1.000000   -86.25   -77.75     0.41     0.07     0.00    -9.42     0.28    -7.63     0.26    -1.78     0.02     0.00     0.00     0.15


# Part 1: Free energy perturbation summary:

# Calculation for full system
# lambda(1)      dGf sum(dGf)      dGr sum(dGr)     <dG>
   1.000000     0.000     0.000    -8.696     5.783     0.000
   0.950000     9.017     9.017    -8.456    14.478     8.856
   0.900000     8.562    17.579    -7.930    22.934    17.365
   0.850000     8.361    25.940    -7.343    30.864    25.511
   0.800000     7.744    33.684    -7.146    38.207    33.054
   0.750000     7.131    40.815    -6.354    45.353    40.193
   0.700000     6.770    47.585    -5.544    51.707    46.755
   0.650000     6.237    53.823    -4.792    57.251    52.646
   0.600000     5.376    59.198    -3.463    62.043    57.729
   0.550000     3.797    62.995    -1.021    65.506    61.359
   0.500000     1.518    64.512     1.217    66.527    62.629
   0.450000    -1.307    63.206     3.657    65.311    61.367
   0.400000    -3.111    60.095     5.645    61.653    57.983
   0.350000    -4.543    55.552     5.395    56.008    52.889
   0.300000    -6.323    49.230     6.987    50.613    47.030
   0.250000    -7.144    42.086     7.562    43.626    39.965
   0.200000    -7.542    34.544     8.007    36.064    32.412
   0.150000    -8.016    26.528     8.646    28.057    24.401
   0.100000    -8.645    17.883     9.293    19.411    15.756
   0.050000    -9.065     8.818    10.118    10.118     6.576
   0.000000    -9.634    -0.816     0.000     0.000    -3.299

# Min energy-gap is:   -194.06
# Max energy-gap is:    227.23



# Part 2: Reaction free energy summary:
# Lambda(1)  bin Energy gap      dGa     dGb     dGg    # pts    c1**2    c2**2
   1.000000    1    -183.53       0.00     176.46     -44.51      7     0.839     0.161
   1.000000    2    -162.46       0.00     170.02     -46.24      1     0.824     0.176
   0.950000    1    -183.53      -0.11     179.17     -44.75      3     0.834     0.166
   0.950000    2    -162.46       0.42     165.20     -46.20      5     0.822     0.178
   0.900000    1    -183.53      -0.05     174.13     -45.57      1     0.828     0.172
   0.900000    2    -162.46       0.49     160.56     -46.23      7     0.821     0.179
   0.850000    2    -162.46       1.10     158.95     -46.52      5     0.814     0.186
   0.850000    3    -141.40       3.05     150.30     -47.05      3     0.799     0.201
   0.800000    2    -162.46       2.49     155.15     -46.95      2     0.804     0.196
   0.800000    3    -141.40       3.55     140.06     -47.02      6     0.790     0.210
   0.750000    3    -141.40       3.36     144.93     -47.05      7     0.791     0.209
   0.750000    4    -120.33      10.60     128.96     -46.42      1     0.755     0.245
   0.700000    3    -141.40       6.60     140.40     -46.80      2     0.778     0.222
   0.700000    4    -120.33       9.30     130.14     -46.09      6     0.762     0.238
   0.650000    4    -120.33      11.52     127.21     -45.64      3     0.752     0.248
   0.650000    5     -99.27      15.15     118.14     -44.61      5     0.732     0.268
   0.600000    4    -120.33      12.99     124.85     -45.66      1     0.744     0.256
   0.600000    5     -99.27      17.88     113.34     -43.76      3     0.715     0.285
   0.600000    6     -78.20      23.87     103.26     -42.27      3     0.689     0.311
   0.600000    7     -57.14      35.28      91.41     -40.52      1     0.635     0.365
   0.550000    6     -78.20      22.96     105.62     -42.93      2     0.692     0.308
   0.550000    7     -57.14      33.87      93.43     -40.03      3     0.642     0.358
   0.550000    8     -36.07      48.27      77.36     -38.24      1     0.572     0.428
   0.550000    9     -15.01      52.10      68.68     -38.18      2     0.542     0.458
   0.500000    8     -36.07      44.43      76.62     -38.81      2     0.579     0.421
   0.500000    9     -15.01      50.62      67.93     -37.90      2     0.543     0.457
   0.500000   10       6.06      61.85      63.40     -37.37      1     0.504     0.496
   0.500000   11      27.12      74.48      50.78     -38.07      1     0.441     0.559
   0.500000   12      48.18      82.57      41.70     -39.47      2     0.400     0.600
   0.450000   10       6.06      66.63      57.04     -38.27      2     0.476     0.524
   0.450000   11      27.12      78.37      47.46     -38.28      1     0.424     0.576
   0.450000   12      48.18      86.17      38.47     -39.10      3     0.385     0.615
   0.450000   13      69.25      97.06      32.16     -40.52      1     0.346     0.654
   0.450000   14      90.31     106.97      24.05     -42.74      1     0.309     0.691
   0.400000   12      48.18      93.10      34.57     -40.36      1     0.360     0.640
   0.400000   13      69.25      94.18      33.85     -40.43      1     0.356     0.644
   0.400000   14      90.31     108.27      18.65     -43.10      5     0.298     0.702
   0.400000   15     111.38     119.98      16.65     -44.24      1     0.270     0.730
   0.350000   14      90.31     117.88      17.89     -43.91      1     0.276     0.724
   0.350000   15     111.38     120.28      12.28     -45.05      3     0.259     0.741
   0.350000   16     132.44     137.35       6.01     -47.31      4     0.223     0.777
   0.300000   14      90.31     107.59      21.08     -44.62      1     0.301     0.699
   0.300000   15     111.38     124.02      13.66     -45.13      2     0.258     0.742
   0.300000   16     132.44     137.27       4.72     -47.00      3     0.217     0.783
   0.300000   17     153.51     152.84      -0.20     -48.61      2     0.194     0.806
   0.250000   16     132.44     140.18       5.72     -46.96      5     0.219     0.781
   0.250000   17     153.51     152.83       0.21     -47.91      2     0.193     0.807
   0.250000   18     174.57     163.91      -1.35     -48.44      1     0.182     0.818
   0.200000   16     132.44     144.54       4.38     -47.65      1     0.213     0.787
   0.200000   17     153.51     150.22       1.21     -47.61      5     0.198     0.802
   0.200000   18     174.57     169.58      -1.88     -47.87      2     0.175     0.825
   0.150000   17     153.51     148.54       0.66     -47.95      4     0.193     0.807
   0.150000   18     174.57     168.68      -2.84     -47.21      4     0.168     0.832
   0.100000   17     153.51     162.23      -0.52     -48.07      1     0.184     0.816
   0.100000   18     174.57     167.24      -1.76     -47.34      5     0.172     0.828
   0.100000   19     195.64     182.82      -3.56     -46.22      2     0.155     0.845
   0.050000   18     174.57     177.08      -2.50     -46.85      4     0.164     0.836
   0.050000   19     195.64     186.90      -3.01     -45.75      3     0.154     0.846
   0.050000   20     216.70     204.21      -3.83     -44.10      1     0.140     0.860
   0.000000   19     195.64     191.95      -3.30     -45.09      5     0.147     0.853
   0.000000   20     216.70     203.61      -3.30     -43.48      2     0.138     0.862


# Part 3: Bin-averaged summary:
# bin  energy gap  <dGg> <dGg norm> pts  <c1**2> <c2**2> <r_xy>
   1   -183.53    -44.67      3.25         11    0.837    0.163    1.949
   2   -162.46    -46.37      1.56         20    0.818    0.182    2.001
   3   -141.40    -47.01      0.91         18    0.791    0.209    2.080
   4   -120.33    -45.96      1.96         11    0.757    0.243    2.141
   5    -99.27    -44.29      3.63          8    0.726    0.274    2.201
   6    -78.20    -42.53      5.39          5    0.690    0.310    2.321
   7    -57.14    -40.15      7.77          4    0.641    0.359    2.356
   8    -36.07    -38.62      9.30          3    0.577    0.423    2.483
   9    -15.01    -38.04      9.89          4    0.543    0.457    2.504
  10      6.06    -37.97      9.95          3    0.485    0.515    2.576
  11     27.12    -38.17      9.75          2    0.432    0.568    2.594
  12     48.18    -39.43      8.49          6    0.385    0.615    2.839
  13     69.25    -40.48      7.45          2    0.351    0.649    2.705
  14     90.31    -43.35      4.57          8    0.297    0.703    2.976
  15    111.38    -44.94      2.98          6    0.260    0.740    3.210
  16    132.44    -47.13      0.79         13    0.220    0.780    3.410
  17    153.51    -47.92      0.00         14    0.194    0.806    3.536
  18    174.57    -47.32      0.60         16    0.170    0.830    3.696
  19    195.64    -45.51      2.41         10    0.151    0.849    3.762
  20    216.70    -43.69      4.24          3    0.138    0.862    4.010
