

------------------------------- Mapping details -------------------------------
# Mapped with: Qtools (0.5.12), Qfep (6.0.8)
# Qfep path: /home/mpurg/bin/Q6/bin/Qfep6
# Work dir: /tmp/1-probrcl_tlL
# Date: Sun Apr 22 18:07:48 2018
# CMDline: /home/mpurg/bin/qtools/qscripts-cli/q_mapper.py 100 10 --skip 1 --min 1 --bins 20 --temp 298 --out qmapper.out

Directories:
testrep1, testrep2, testrep3

Input:
q_mapper.py 100.0 10.0 --bins 20 --skip 1 --min 1 --temp 298.0 

Fails:
testrep3: Energy file 'fep_000_1.000.en' missing.
-------------------------------------------------------------------------------

Analysis Stats:
#                 Mean      Std.dev    Median    Std.error       N
dG*               9.17       0.18       9.17       0.13          2
dG0              -0.79       0.18      -0.79       0.12          2
dG_lambda        -3.16       0.19      -3.16       0.14          2

Analysis Fails:
FEP: None, EVB: None

Run q_analysefeps.py for more info...
